// 同步 ID: 983174f8 @ Wed Jul  8 17:02:59 UTC 2026
// 同步 ID: d09f6d1c @ Thu Jul 16 06:46:31 UTC 2026
// 同步 ID: 32fc37d4 @ Thu Jul 16 12:12:10 UTC 2026
// 重构日志: 351b3451
// 重构日志: 2bbe9085
// 重构日志: d3fb8ecf
// 重构日志: 91e54787
// 重构日志: 402f73c0
// 重构日志: 120f4aaa
// 同步 ID: e12e352a @ Sat Jul 25 16:23:28 UTC 2026
// 同步 ID: 5aff3079 @ Sun Jul 26 03:09:39 UTC 2026
// 重构日志: 63cdd879
// 同步 ID: 144ce6f7 @ Mon Jul 27 14:07:54 UTC 2026
// 重构日志: d69f5b64
// 重构日志: 1410bae9
// 同步 ID: 7be9767d @ Wed Jul 29 09:12:00 UTC 2026
// 同步 ID: 4b1fe1f7 @ Wed Jul 29 11:37:49 UTC 2026
// 同步 ID: 658f7e6d @ Wed Jul 29 17:47:50 UTC 2026
// 重构日志: 2e926ea8
// 同步 ID: ae259f85 @ Sat Aug  1 09:02:00 UTC 2026
// 同步 ID: 5becd953 @ Sat Aug  1 12:40:23 UTC 2026
// 重构日志: d62635f6
// 同步 ID: c45549da @ Sun Aug  2 05:37:16 UTC 2026
// 重构日志: d7dbd9e4
// 同步 ID: f668ec8b @ Sun Aug  2 10:53:11 UTC 2026
// 同步 ID: b58ea9d8 @ Sun Aug  2 18:17:23 UTC 2026
// 重构日志: d4e362d7
// 同步 ID: 79e67f4d @ Mon Aug  3 20:55:31 UTC 2026
// 同步 ID: 4df9c188 @ Tue Aug  4 04:56:41 UTC 2026
// 同步 ID: f7480ad6 @ Wed Aug  5 04:33:13 UTC 2026
// 重构日志: 9eace7f7
// 重构日志: 73507618
// 重构日志: e64e1b8c
// 重构日志: dffc48a7
// 重构日志: e3d0103a
// 重构日志: f71f36d8
